// Jest Snapshot v1, https://goo.gl/fbAQLP

exports[`Module {
  actions: [Object],
  name: 'classModel',
  key: 'classModel',
  logger: AppLogger {},
  restClient: [RestClient]
}.getMainComponent 1`] = `"<div></div>"`;

exports[`Module {
  actions: [Object],
  name: 'jsontree',
  key: 'jsontree',
  logger: AppLogger {},
  id: '1fbf1f92-172a-4fbf-ab37-d68ee92bc899'
}.getMainComponent 1`] = `"<div></div>"`;

exports[`Module {
  actions: [Object],
  name: 'jsontree',
  key: 'jsontree',
  logger: AppLogger {},
  id: '73a5672f-6ecc-4d98-bd8c-cc5dc8e8b60a'
}.getMainComponent 1`] = `"<div></div>"`;

exports[`Module {
  actions: [Object],
  name: 'jsontree',
  key: 'jsontree',
  logger: AppLogger {},
  id: '1450fdb6-2111-4597-ab42-32316ceaee28'
}.getMainComponent 1`] = `"<div></div>"`;

exports[`Module {
  actions: [Object],
  name: 'jsontree',
  key: 'jsontree',
  logger: AppLogger {},
  id: 'e7a8d2b5-9339-4811-b685-eec3be789a17'
}.getMainComponent 1`] = `"<div></div>"`;

exports[`Module {
  actions: [Object],
  name: 'logging',
  key: 'logging',
  logger: AppLogger {},
  id: '097358a4-5ffe-4da2-b77b-668b9f604d8a'
}.getMainComponent 1`] = `"<div></div>"`;

exports[`Module {
  actions: [Object],
  name: 'logging',
  key: 'logging',
  logger: AppLogger {},
  id: '4c1d0fb2-2b69-4c9e-8e74-bc5b26812167'
}.getMainComponent 1`] = `"<div></div>"`;

exports[`Module {
  actions: [Object],
  name: 'logging',
  key: 'logging',
  logger: AppLogger {},
  id: '4539a37b-75ce-4c67-bd6f-cb26ed2c52cf'
}.getMainComponent 1`] = `"<div></div>"`;

exports[`Module {
  actions: [Object],
  name: 'logging',
  key: 'logging',
  logger: AppLogger {},
  id: 'd5aad71d-6ace-4bfa-b7a6-784fa62e3e16'
}.getMainComponent 1`] = `"<div></div>"`;

exports[`Module {
  actions: [Object],
  name: 'menus',
  key: 'menus',
  logger: AppLogger {},
  id: '2d5ed6f3-d2ce-4219-9583-ff8f0ec61afd'
}.getMainComponent 1`] = `"<div></div>"`;

exports[`Module {
  actions: [Object],
  name: 'menus',
  key: 'menus',
  logger: AppLogger {},
  id: '25d31b3a-9114-4139-aedc-a44d44ef90c2'
}.getMainComponent 1`] = `"<div></div>"`;

exports[`Module {
  actions: [Object],
  name: 'menus',
  key: 'menus',
  logger: AppLogger {},
  id: 'a00463f4-29eb-42aa-8049-932cd2190fb3'
}.getMainComponent 1`] = `"<div></div>"`;

exports[`Module {
  actions: [Object],
  name: 'menus',
  key: 'menus',
  logger: AppLogger {},
  id: 'b9ddb0d0-ec88-4cc6-bbd1-81e337111be8'
}.getMainComponent 1`] = `"<div></div>"`;
